[debug] [2026-01-11T18:44:59.620Z] ----------------------------------------------------------------------
[debug] [2026-01-11T18:44:59.622Z] Command:       /usr/bin/node /usr/local/bin/firebase login --reauth
[debug] [2026-01-11T18:44:59.622Z] CLI Version:   15.2.1
[debug] [2026-01-11T18:44:59.622Z] Platform:      linux
[debug] [2026-01-11T18:44:59.622Z] Node Version:  v20.19.2
[debug] [2026-01-11T18:44:59.622Z] Time:          Sun Jan 11 2026 21:44:59 GMT+0300 (East Africa Time)
[debug] [2026-01-11T18:44:59.622Z] ----------------------------------------------------------------------
[debug] 
[info] 
[info] Visit this URL on this device to log in:
[info] https://accounts.google.com/o/oauth2/auth?client_id=563584335869-fgrhgmd47bqnekij5i8b5pr03ho849e6.apps.googleusercontent.com&scope=email%20openid%20https%3A%2F%2Fwww.googleapis.com%2Fauth%2Fcloudplatformprojects.readonly%20https%3A%2F%2Fwww.googleapis.com%2Fauth%2Ffirebase%20https%3A%2F%2Fwww.googleapis.com%2Fauth%2Fcloud-platform&response_type=code&state=559244224&redirect_uri=http%3A%2F%2Flocalhost%3A9005&login_hint=christinenamatovu972%40gmail.com
[info] 
[info] Waiting for authentication...
[debug] [2026-01-11T18:45:35.350Z] >>> [apiv2][query] POST https://accounts.google.com/o/oauth2/token [none]
[debug] [2026-01-11T18:45:35.351Z] >>> [apiv2][body] POST https://accounts.google.com/o/oauth2/token [omitted]
[debug] [2026-01-11T18:45:43.100Z] >>> [apiv2][query] POST https://accounts.google.com/o/oauth2/token [none]
[debug] [2026-01-11T18:45:43.100Z] >>> [apiv2][body] POST https://accounts.google.com/o/oauth2/token [omitted]
[debug] [2026-01-11T18:45:43.586Z] *** [apiv2] error from fetch(https://accounts.google.com/o/oauth2/token, {"headers":{},"method":"POST","body":{"_overheadLength":543,"_valueLength":208,"_valuesToMeasure":[],"writable":false,"readable":true,"dataSize":0,"maxDataSize":2097152,"pauseStreams":true,"_released":true,"_streams":[],"_currentStream":null,"_insideLoop":false,"_pendingNext":false,"_boundary":"--------------------------933166e3e06b4a84c6c3bca4","_events":{},"_eventsCount":1}}): FetchError: request to https://accounts.google.com/o/oauth2/token failed, reason: 
[debug] [2026-01-11T18:45:43.587Z] Token Fetch Error: FirebaseError: Failed to make request to https://accounts.google.com/o/oauth2/token
    at RetryOperation._fn (/usr/local/lib/node_modules/firebase-tools/lib/apiv2.js:269:31)
    at process.processTicksAndRejections (node:internal/process/task_queues:95:5)
[error] Authentication Error: Your credentials are no longer valid. Please run firebase login --reauth

For CI servers and headless environments, generate a new token with firebase login:ci
[debug] [2026-01-11T18:45:43.591Z] >>> [apiv2][query] POST https://auth.firebase.tools/attest [none]
[debug] [2026-01-11T18:45:43.592Z] >>> [apiv2][body] POST https://auth.firebase.tools/attest {"session_id":"5ae1b1be-fcea-4ef4-a19f-1ac17bfb37e6"}
[debug] [2026-01-11T18:45:45.264Z] <<< [apiv2][status] POST https://auth.firebase.tools/attest 200
[debug] [2026-01-11T18:45:45.264Z] <<< [apiv2][body] POST https://auth.firebase.tools/attest {"token":"ZEopAfGS1X4GHJEBEiN9nTe6x4tnb5xq7c5FNTe_H44"}
[info] 
[info] To sign in to the Firebase CLI:
[info] 
[info] 1. Take note of your session ID:
[info] 
[info]    5AE1B
[info] 
[info] 2. Visit the URL below on any device and follow the instructions to get your code:
[info] 
[info]    https://auth.firebase.tools/login?code_challenge=-fsrertvlojWlTCZeZs2866qCsVuCW1Rm9tKIZ01SYY&session=5ae1b1be-fcea-4ef4-a19f-1ac17bfb37e6&attest=ZEopAfGS1X4GHJEBEiN9nTe6x4tnb5xq7c5FNTe_H44
[info] 
[info] 3. Paste or enter the authorization code below once you have it:
[info] 
[debug] [2026-01-11T18:45:46.390Z] <<< [apiv2][status] POST https://accounts.google.com/o/oauth2/token 200
[debug] [2026-01-11T18:45:46.390Z] <<< [apiv2][body] POST https://accounts.google.com/o/oauth2/token [omitted]
